<html>
<body>
<pre>
<h1>礦ision Build Log</h1>
<h2>Tool Versions:</h2>
IDE-Version: μVision V5.14.0.0
Copyright (C) 2015 ARM Ltd and ARM Germany GmbH. All rights reserved.
License Information: fjq Microsoft, Microsoft, LIC=MGXEV-PHF7P-WJE6K-Z6I6E-FA8N1-19DPC
 
Tool Versions:
Toolchain:       MDK-ARM Professional  Version: 5.14.0.0
Toolchain Path:  C:\Keil_v5\ARM\ARMCC\Bin
C Compiler:      Armcc.exe V5.05 update 1 (build 106)
Assembler:       Armasm.exe V5.05 update 1 (build 106)
Linker/Locator:  ArmLink.exe V5.05 update 1 (build 106)
Library Manager: ArmAr.exe V5.05 update 1 (build 106)
Hex Converter:   FromElf.exe V5.05 update 1 (build 106)
CPU DLL:         SARMCM3.DLL V5.14.0.0
Dialog DLL:      DCM.DLL V1.13.1.0
Target DLL:      Segger\JL2CM3.dll V2.99.13.0
Dialog DLL:      TCM.DLL V1.14.4.0
 
<h2>Project:</h2>
C:\Users\Administrator\Desktop\电赛stm32\stm32f10x\project-电赛准备\diansai.uvprojx
Project File Date:  07/17/2019

<h2>Output:</h2>
Build target 'Target 1'
compiling main.c...
User\main.c(15): warning:  #69-D: integer conversion resulted in truncation
        TIM2_Init(200,72000-1);  // 1/(72M/72000),200ms
User\main.c(32): warning:  #111-D: statement is unreachable
        return 0;
User\main.c(33): warning:  #1-D: last line of file ends without a newline
  }
User\main.c: 3 warnings, 0 errors
linking...
Program Size: Code=3326 RO-data=2410 RW-data=456 ZI-data=1376  
FromELF: creating hex file...
".\Objects\diansai.axf" - 0 Error(s), 3 Warning(s).

<h2>Collection of Component include folders:</h2>
  C:\Users\Administrator\Desktop\电赛stm32\stm32f10x\project-电赛准备\RTE
  C:\Keil_v5\ARM\PACK\Keil\STM32F1xx_DFP\1.0.5\Device\Include

<h2>Collection of Component Files used:</h2>
</pre>
</body>
</html>
